[    0.000000] Initializing cgroup subsys cpuset
[    0.000000] Initializing cgroup subsys cpu
[    0.000000] Initializing cgroup subsys cpuacct
[    0.000000] Linux version 4.4.0-38-generic (buildd@lgw01-58) (gcc version 5.4.0 20160609 (Ubuntu 5.4.0-6ubuntu1~16.04.2) ) #57-Ubuntu SMP Tue Sep 6 15:42:33 UTC 2016 (Ubuntu 4.4.0-38.57-generic 4.4.19)
[    0.000000] Command line: BOOT_IMAGE=/boot/vmlinuz-4.4.0-38-generic root=LABEL=cloudimg-rootfs ro console=tty1 console=ttyS0
[    0.000000] KERNEL supported cpus:
[    0.000000]   Intel GenuineIntel
[    0.000000]   AMD AuthenticAMD
[    0.000000]   Centaur CentaurHauls
[    0.000000] x86/fpu: Legacy x87 FPU detected.
[    0.000000] x86/fpu: Using 'lazy' FPU context switches.
[    0.000000] e820: BIOS-provided physical RAM map:
[    0.000000] BIOS-e820: [mem 0x0000000000000000-0x000000000009fbff] usable
[    0.000000] BIOS-e820: [mem 0x000000000009fc00-0x000000000009ffff] reserved
[    0.000000] BIOS-e820: [mem 0x00000000000f0000-0x00000000000fffff] reserved
[    0.000000] BIOS-e820: [mem 0x0000000000100000-0x000000003ffeffff] usable
[    0.000000] BIOS-e820: [mem 0x000000003fff0000-0x000000003fffffff] ACPI data
[    0.000000] BIOS-e820: [mem 0x00000000fffc0000-0x00000000ffffffff] reserved
[    0.000000] NX (Execute Disable) protection: active
[    0.000000] SMBIOS 2.5 present.
[    0.000000] e820: last_pfn = 0x3fff0 max_arch_pfn = 0x400000000
[    0.000000] MTRR: Disabled
[    0.000000] x86/PAT: MTRRs disabled, skipping PAT initialization too.
[    0.000000] x86/PAT: Configuration [0-7]: WB  WT  UC- UC  WB  WT  UC- UC  
[    0.000000] CPU MTRRs all blank - virtualized system.
[    0.000000] found SMP MP-table at [mem 0x0009fff0-0x0009ffff] mapped at [ffff88000009fff0]
[    0.000000] Scanning 1 areas for low memory corruption
[    0.000000] RAMDISK: [mem 0x36ffc000-0x377f5fff]
[    0.000000] ACPI: Early table checksum verification disabled
[    0.000000] ACPI: RSDP 0x00000000000E0000 000024 (v02 VBOX  )
[    0.000000] ACPI: XSDT 0x000000003FFF0030 00003C (v01 VBOX   VBOXXSDT 00000001 ASL  00000061)
[    0.000000] ACPI: FACP 0x000000003FFF00F0 0000F4 (v04 VBOX   VBOXFACP 00000001 ASL  00000061)
[    0.000000] ACPI: DSDT 0x000000003FFF0470 001BF1 (v01 VBOX   VBOXBIOS 00000002 INTL 20140214)
[    0.000000] ACPI: FACS 0x000000003FFF0200 000040
[    0.000000] ACPI: FACS 0x000000003FFF0200 000040
[    0.000000] ACPI: APIC 0x000000003FFF0240 00005C (v02 VBOX   VBOXAPIC 00000001 ASL  00000061)
[    0.000000] ACPI: SSDT 0x000000003FFF02A0 0001CC (v01 VBOX   VBOXCPUT 00000002 INTL 20140214)
[    0.000000] No NUMA configuration found
[    0.000000] Faking a node at [mem 0x0000000000000000-0x00000003ffeffff]
[    0.000000] NODE_DATA(0) allocated [mem 0x3ffeb000-0x3ffeffff]
[    0.000000] Zone ranges:
[    0.000000]   DMA      [mem 0x0000000000001000-0x0000000000ffffff]
[    0.000000]   DMA32    [mem 0x0000000001000000-00000003ffeffff]
[    0.000000]   Normal   empty
[    0.000000]   Device   empty
[    0.000000] Movable zone start for each node
[    0.000000] Early memory node ranges
[    0.000000]   node   0: [mem 0x0000000000001000-0x000000000009efff]
[    0.000000]   node   0: [mem 0x0000000000100000-0x000000003ffeffff]
[    0.000000] Initmem setup node 0 [mem 0x0000000000001000-0x000000003ffeffff]
[    0.000000] ACPI: PM-Timer IO Port: 0x4008
[    0.000000] IOAPIC[0]: apic_id 2, version 17, address 0xfec00000, GSI 0-23
[    0.000000] ACPI: INT_SRC_OVR (bus 0 bus_irq 0 global_irq 2 dfl dfl)
[    0.000000] ACPI: INT_SRC_OVR (bus 0 bus_irq 9 global_irq 9 high level)
[    0.000000] Using ACPI (MADT) for SMP configuration information
[    0.000000] smpboot: Allowing 2 CPUs, 0 hotplug CPUs
[    0.000000] PM: Registered nosave memory: [mem 0x00000000-0x00000fff]
[    0.000000] PM: Registered nosave memory: [mem 0x0009f000-0x0009ffff]
[    0.000000] PM: Registered nosave memory: [mem 0x000a0000-0x000effff]
[    0.000000] PM: Registered nosave memory: [mem 0x000f0000-0x000fffff]
[    0.000000] e820: [mem 0x40000000-0xfffbffff] available for PCI devices
[    0.000000] Booting paravirtualized kernel on bare hardware
[    0.000000] clocksource: refined-jiffies: mask: 0xffffffff max_cycles: 0xffffffff, max_idle_ns: 7645519600211568 n
[    0.000000] setup_percpu: NR_CPUS:256 nr_cpumask_bits:256 nr_cpu_ids:2 nr_node_ids:1
[    0.000000] PERCPU: Embedded 33 pages/cpu @ffff88003fc00000 s98008 r8192 d28968 u1048576
[    0.000000] Built 1 zonelists in Node order, mobility grouping on.  Total pages: 257913
[    0.000000] Policy zone: DMA32
[    0.000000] Kernel command line: BOOT_IMAGE=/boot/vmlinuz-4.4.0-38-generic root=LABEL=cloudimg-rootfs ro console=tty1 console=ttyS0
[    0.000000] PID hash table entries: 4096 (order: 3, 32768 bytes)
[    0.000000] Memory: 1004488K/1048120K available (8404K kernel code, 1283K rwdata, 3944K rodata, 1480K init, 1292K bss, 43632K reserved, 0K cma-reserved)
[    0.000000] SLUB: HWalign=64, Order=0-3, MinObjects=0, CPUs=2, Nodes=1
[    0.000000] Hierarchical RCU implementation.
[    0.000000] 	Build-time adjustment of leaf fanout to 64.
[    0.000000] 	RCU restricting CPUs from NR_CPUS=256 to nr_cpu_ids=2.
[    0.000000] RCU: Adjusting geometry for rcu_fanout_leaf=64, nr_cpu_ids=2
[    0.000000] NR_IRQS:16640 nr_irqs:440 16
[    0.000000] Console: colour VGA+ 80x25
[    0.000000] console [tty1] enabled
[    0.000000] console [ttyS0] enabled
[    0.000000] tsc: Fast TSC calibration using PIT
[    0.000000] tsc: Detected 3694.750 MHz processor
[    0.008020] Calibrating delay loop (skipped), value calculated using timer frequency.. 7389.50 BogoMIPS (lpj=14779000)
[    0.016013] pid_max: default: 32768 minimum: 301
[    0.020020] ACPI: Core revision 20150930
[    0.024837] ACPI: 2 ACPI AML tables successfully acquired and loaded
[    0.032261] Security Framework initialized
[    0.032850] Yama: becoming mindful.
[    0.033402] AppArmor: AppArmor initialized
[    0.034040] Dentry cache hash table entries: 131072 (order: 8, 1048576 bytes)
[    0.035002] Inode-cache hash table entries: 65536 (order: 7, 524288 bytes)
[    0.036404] Mount-cache hash table entries: 2048 (order: 2, 16384 bytes)
[    0.037218] Mountpoint-cache hash table entries: 2048 (order: 2, 16384 bytes)
[    0.040147] Initializing cgroup subsys io
[    0.040728] Initializing cgroup subsys memory
[    0.041341] Initializing cgroup subsys devices
[    0.044019] Initializing cgroup subsys freezer
[    0.048022] Initializing cgroup subsys net_cls
[    0.052023] Initializing cgroup subsys perf_event
[    0.056023] Initializing cgroup subsys net_prio
[    0.060023] Initializing cgroup subsys hugetlb
[    0.064016] Initializing cgroup subsys pids
[    0.068123] CPU: Physical Processor ID: 0
[    0.068900] CPU: Processor Core ID: 0
[    0.072016] mce: CPU supports 0 MCE banks
[    0.072660] Last level iTLB entries: 4KB 1024, 2MB 1024, 4MB 1024
[    0.073495] Last level dTLB entries: 4KB 1024, 2MB 1024, 4MB 1024, 1GB 4
[    0.078159] Freeing SMP alternatives memory: 32K (ffffffff820b4000 - ffffffff820bc000)
[    0.089080] ftrace: allocating 32006 entries in 126 pages
[    0.100089] smpboot: Max logical packages: 1
[    0.104014] smpboot: APIC(0) Converting physical 0 to logical package 0
[    0.109001] ..TIMER: vector=0x30 apic1=0 pin1=2 apic2=-1 pin2=-1
[    0.160000] smpboot: CPU0: Intel(R) Core(TM) i3-4170 CPU @ 3.70GHz (family: 0x6, model: 0x3c, stepping: 0x3)
[    0.161212] Performance Events: unsupported p6 CPU model 60 no PMU driver, software events only.
[    0.164788] NMI watchdog: disabled (cpu0): hardware events not enabled
[    0.168009] NMI watchdog: Shutting down hard lockup detector on all cpus
[    0.172143] x86: Booting SMP configuration:
[    0.176010] .... node  #0, CPUs:      #1
[    0.012000] mce: CPU supports 0 MCE banks
[    0.194503] x86: Booted up 1 node, 2 CPUs
[    0.196007] smpboot: Total of 2 processors activated (14779.00 BogoMIPS)
[    0.200258] devtmpfs: initialized
[    0.201562] evm: security.selinux
[    0.204020] evm: security.SMACK64
[    0.204517] evm: security.SMACK64EXEC
[    0.205042] evm: security.SMACK64TRANSMUTE
[    0.208012] evm: security.SMACK64MMAP
[    0.212009] evm: security.ima
[    0.212477] evm: security.capability
[    0.216116] clocksource: jiffies: mask: 0xffffffff max_cycles: 0xffffffff, max_idle_ns: 7645041785100000 ns
[    0.217602] pinctrl core: initialized pinctrl subsystem
[    0.220153] RTC time: 15:15:46, date: 10/07/16
[    0.224693] NET: Registered protocol family 16
[    0.240014] cpuidle: using governor ladder
[    0.256013] cpuidle: using governor menu
[    0.260030] PCCT header not found.
[    0.264088] ACPI: bus type PCI registered
[    0.268010] acpiphp: ACPI Hot Plug PCI Controller Driver version: 0.5
[    0.272111] PCI: Using configuration type 1 for base access
[    0.288244] ACPI: Added _OSI(Module Device)
[    0.292024] ACPI: Added _OSI(Processor Device)
[    0.292623] ACPI: Added _OSI(3.0 _SCP Extensions)
[    0.293252] ACPI: Added _OSI(Processor Aggregator Device)
[    0.294349] ACPI: Executed 1 blocks of module-level executable AML code
[    0.297053] ACPI: Interpreter enabled
[    0.300012] ACPI Exception: AE_NOT_FOUND, While evaluating Sleep State [\_S1_] (20150930/hwxface-580)
[    0.304889] ACPI Exception: AE_NOT_FOUND, While evaluating Sleep State [\_S2_] (20150930/hwxface-580)
[    0.306181] ACPI Exception: AE_NOT_FOUND, While evaluating Sleep State [\_S3_] (20150930/hwxface-580)
[    0.308403] ACPI Exception: AE_NOT_FOUND, While evaluating Sleep State [\_S4_] (20150930/hwxface-580)
[    0.309831] ACPI: (supports S0 S5)
[    0.310249] ACPI: Using IOAPIC for interrupt routing
[    0.311026] PCI: Using host bridge windows from ACPI; if necessary, use "pci=nocrs" and report a bug
[    0.313502] ACPI: PCI Root Bridge [PCI0] (domain 0000 [bus 00-ff])
[    0.314290] acpi PNP0A03:00: _OSC: OS supports [ASPM ClockPM Segments MSI]
[    0.315102] acpi PNP0A03:00: _OSC failed (AE_NOT_FOUND); disabling ASPM
[    0.316010] acpi PNP0A03:00: fail to add MMCONFIG information, can't access extended PCI configuration space under this bridge.
[    0.320195] PCI host bridge to bus 0000:00
[    0.324007] pci_bus 0000:00: root bus resource [io  0x0000-0x0cf7 window]
[    0.324816] pci_bus 0000:00: root bus resource [io  0x0d00-0xffff window]
[    0.325638] pci_bus 0000:00: root bus resource [mem 0x000a0000-0x000bffff window]
[    0.326670] pci_bus 0000:00: root bus resource [mem 0x40000000-0xffdfffff window]
[    0.328006] pci_bus 0000:00: root bus resource [bus 00-ff]
[    0.329890] pci 0000:00:01.1: legacy IDE quirk: reg 0x10: [io  0x01f0-0x01f7]
[    0.330735] pci 0000:00:01.1: legacy IDE quirk: reg 0x14: [io  0x03f6]
[    0.331715] pci 0000:00:01.1: legacy IDE quirk: reg 0x18: [io  0x0170-0x0177]
[    0.332006] pci 0000:00:01.1: legacy IDE quirk: reg 0x1c: [io  0x0376]
[    0.358182] ACPI: PCI Interrupt Link [LNKA] (IRQs 5 9 10 11) *0, disabled.
[    0.360990] ACPI: PCI Interrupt Link [LNKB] (IRQs 5 9 10 *11)
[    0.364724] ACPI: PCI Interrupt Link [LNKC] (IRQs 5 9 *10 11)
[    0.380377] ACPI: PCI Interrupt Link [LNKD] (IRQs 5 *9 10 11)
[    0.384721] ACPI: Enabled 2 GPEs in block 00 to 07
[    0.388199] vgaarb: setting as boot device: PCI:0000:00:02.0
[    0.392000] vgaarb: device added: PCI:0000:00:02.0,decodes=io+mem,owns=io+mem,locks=none
[    0.392012] vgaarb: loaded
[    0.396013] vgaarb: bridge control possible 0000:00:02.0
[    0.400326] SCSI subsystem initialized
[    0.404159] ACPI: bus type USB registered
[    0.408063] usbcore: registered new interface driver usbfs
[    0.412052] usbcore: registered new interface driver hub
[    0.416059] usbcore: registered new device driver usb
[    0.420109] PCI: Using ACPI for IRQ routing
[    0.424224] NetLabel: Initializing
[    0.424933] NetLabel:  domain hash size = 128
[    0.425520] NetLabel:  protocols = UNLABELED CIPSOv4
[    0.426030] NetLabel:  unlabeled traffic allowed by default
[    0.428059] amd_nb: Cannot enumerate AMD northbridges
[    0.428837] clocksource: Switched to clocksource refined-jiffies
[    0.437586] AppArmor: AppArmor Filesystem Enabled
[    0.440092] pnp: PnP ACPI init
[    0.441051] pnp: PnP ACPI: found 4 devices
[    0.452245] clocksource: acpi_pm: mask: 0xffffff max_cycles: 0xffffff, max_idle_ns: 2085701024 ns
[    0.456058] clocksource: Switched to clocksource acpi_pm
[    0.458414] NET: Registered protocol family 2
[    0.459161] TCP established hash table entries: 8192 (order: 4, 65536 bytes)
[    0.460039] TCP bind hash table entries: 8192 (order: 5, 131072 bytes)
[    0.465570] TCP: Hash tables configured (established 8192 bind 8192)
[    0.466692] UDP hash table entries: 512 (order: 2, 16384 bytes)
[  0674]DPitha tlentes51 (orer:  184yt)  1.47] T:egteed potoc fil1  2.717]ci00000. Limitng dre PI/I aner
[  39373 pci00:001.0: ctivatg A A ngorronds[  5453]ryin to npk ot iges itmf..
[    7.233844] Freeing initrd memory: 8168K (ffff880036ffc000 - ffff8800377f6000)
[    7.240138] RAPL PMU detected, API unit is 2^-32 Joules, 4 fixed counters 10737418240 ms ovfl timer
[    7.246660] hw unit of domain pp0-core 2^-0 Joules
[    7.247350] hw unit of domain package 2^-0 Joules
[    7.248000] hw unit of domain dram 2^-0 Joules
[    7.254868] hw unit of domain pp1-gpu 2^-0 Joules
[    7.255607] platform rtc_cmos: registered platform RTC device (no PNP device found)
[    7.257025] Scanning for low memory corruption every 60 seconds
[    7.259180] futex hash table entries: 512 (order: 3, 32768 bytes)
[    7.260001] audit: initializing netlink subsys (disabled)
[    7.261000] audit: type=2000 audit(1475853349.259:1): initialized
[    7.262055] Initialise system trusted keyring
[    7.262971] HugeTLB registered 2 MB page size, pre-allocated 0 pages
[    7.264961] zbud: loaded
[    7.265730] VFS: Disk quotas dquot_6.6.0
[    7.266329] VFS: Dquot-cache hash table entries: 512 (order 0, 4096 bytes)
[    7.267340] squashfs: version 4.0 (2009/01/31) Phillip Lougher
[    7.268394] fuse init (API version 7.23)
[    7.269168 Ky tye bi_keyegteed[  7013]llatng IMA MOK and blacklist keyrings.
[    8.195636] Key type asymmetric registered
[    8.246513] Asymmetric key parser 'x509' registered
[    8.247206] Block layer SCSI generic (bsg) driver version 0.4 loaded (major 249)
[    8.248138] io scheduler noop registered
[    8.249748] io scheduler deadline registered (default)
[    8.250440] io scheduler cfq registered
[    8.251065] pci_hotplug: PCI Hot Plug PCI Core version: 0.5
[    8.251772] pciehp: PCI Express Hot Plug Controller Driver version: 0.4
[    8.253878] tsc: Refined TSC clocksource calibration: 3694.313 MHz
[    8.254633] clocksource: tsc: mask: 0xffffffffffffffff max_cycles: 0x6a80b5f8fae, max_idle_ns: 881591119521 ns
[    8.256000] ACPI: AC Adapter [AC] (on-line)
[    8.364640] input: Power Button as /devices/LNXSYSTM:00/LNXPWRBN:00/input/input0
[    8.452865] ACPI: Power Button [PWRF]
[    8.467109] input: Sleep Button as /devices/LNXSYSTM:00/LNXSLPBN:00/input/input1
[    8.478663] ACPI: Sleep Button [SLPF]
[    8.482604] GHES: HEST is not enabled!
[    8.491954] Serial: 8250/16550 driver, 32 ports, IRQ sharing enabled
[    8.521375] 00:03: ttyS0 at I/O 0x3f8 (irq = 4, base_baud = 115200) is a 16550A
[    8.568918] Linux agpgart interface v0.103
[    8.579563] brd: module loaded
[    8.624796] loop: module loaded
[    8.626878] scsi host0: ata_piix
[    8.628914] scsi host1: ata_piix
[    8.630483] ata1: PATA max UDMA/33 cmd 0x1f0 ctl 0x3f6 bmdma 0xd000 irq 14
[    8.631297] ata2: PATA max UDMA/33 cmd 0x170 ctl 0x376 bmdma 0xd008 irq 15
[    8.632103] libphy: Fixed MDIO Bus: probed
[    8.634786] tun: Universal TUN/TAP device driver, 1.6
[    8.635439] tun: (C) 1999-2004 Max Krasnyansky <maxk@qualcomm.com>
[    8.636108] PPP generic driver version 2.4.2
[    8.636805] ehci_hcd: USB 2.0 'Enhanced' Host Controller (EHCI) Driver
[    8.637597] ehci-pci: EHCI PCI platform driver
[    8.638211] ehci-platform: EHCI generic platform driver
[    8.638887] ohci_hcd: USB 1.1 'Open' Host Controller (OHCI) Driver
[    8.640878] ohci-pci: OHCI PCI platform driver
[    8.641490] ohci-platform: OHCI generic platform driver
[    8.643212] uhci_hcd: USB Universal Host Controller Interface driver
[    8.644045] i8042: PNP: PS/2 Controller [PNP0303:PS2K,PNP0f03:PS2M] at 0x60,0x64 irq 1,12
[    8.854612] serio: i8042 KBD port at 0x60,0x64 irq 1
[    8.997264] serio: i8042 AUX port at 0x60,0x64 irq 12
[    9.118317] mousedev: PS/2 mouse device common for all mice
[    9.173973] rtc_cmos rtc_cmos: rtc coe: registered rtc_cmos as rtc0
[    9.173997] input: AT Translated Set 2 keyboard as /devices/platform/i8042/serio0/input/input2
[    9.290012] rtc_cmos rtc_cmos: alarms up to one day, 114 bytes nvram
[    9.290077] clocksource: Switched to clocksource tsc
[    9.291572] i2c /dev entries driver
[    9.292549] device-mapper: uevent: version 1.0.3
[    9.304976] device-mapper: ioctl: 4.34.0-ioctl (2015-10-28) initialised: dm-devel@redhat.com
[    9.432781] ledtrig-cpu: registered to indicate activity on CPUs
[    9.469535] NET: Registered protocol family 10
[    9.471450] NET: Registered protocol family 17
[    9.473219] Key type dns_resolver registered
[    9.474338] microcode: CPU0 sig=0x306c3, pf=0x2, revision=0x19
[    9.476725] microcode: CPU1 sig=0x306c3, pf=0x2, revision=0x19
[    9.482872] microcode: Microcode Update Driver: v2.01 <tigran@aivazian.fsnet.co.uk>, Peter Oruba
[    9.484348] registered taskstats version 1
[    9.486042] Loading compiled-in X.509 certificates
[    9.487226] Loaded X.509 cert 'Build time autogenerated kernel key: 8b9fe5db9540517005e475afed63f7a6645227d6'
[    9.644079] zswap: loaded using pool lzo/zbud
[    9.769129] Key type trusted registered
[    9.825695] Key type encrypted registered
[    9.828774] AppArmor: AppArmor sha1 policy hashing enabled
[    9.829477] ima: No TPM chip found, activating TPM-bypass!
[    9.830180] evm: HMAC attrs: 0x1
[    9.830927]   Magic number: 4:859:284
[    9.831601] rtc_cmos rtc_cmos: setting system clock to 2016-10-07 15:15:56 UTC (1475853356)
[    9.832963] BIOS EDD facility v0.16 2004-Jun-25, 0 devices found
[    9.835875] EDD information not available.
[    9.837738] Freeing unused kernel memory: 1480K (ffffffff81f42000 - ffffffff820b4000)
[    9.839934] Write protecting the kernel read-only data: 14336k
[    9.841414] Freeing unused kernel memory: 1824K (ffff880001838000 - ffff880001a00000)
[    9.843924] Freeing unused kernel memory: 152K (ffff880001dda000 - ffff880001e00000)
Loading, please wait...
[    9.855267] random: systemd-udevd: uninitialized urandom read (16 bytes read, 3 bits of entropy available)
starting version 229
[    9.855828] random: udevadm: uninitialized urandom read (16 bytes read, 3 bits of entropy available)
[    9.855855] random: udevadm: uninitialized urandom read (16 bytes read, 3 bits of entropy available)
[    9.855940] random: udevadm: uninitialized urandom read (16 bytes read, 3 bits of entropy available)
[    9.855971] random: udevadm: uninitialized urandom read (16 bytes read, 3 bits of entropy available)
[    9.856001] random: udevadm: uninitialized urandom read (16 bytes read, 3 bits of entropy available)
[    9.856086] random: udevadm: uninitialized urandom read (16 bytes read, 3 bits of entropy available)
[    9.856118] random: udevadm: uninitialized urandom read (16 bytes read, 3 bits of entropy available)
[    9.856146] random: udevadm: uninitialized urandom read (16 bytes read, 3 bits of entropy available)
[    9.856180] random: udevadm: uninitialized urandom read (16 bytes read, 3 bits of entropy available)
[    9.892863] e1000: Intel(R) PRO/1000 Network Driver - version 7.3.21-k8-NAPI
[    9.901080] e1000: Copyright (c) 1999-2006 Intel Corporation.
[    9.953689] Fusion MPT base driver 3.04.20
[    9.965230] Copyright (c) 1999-2008 LSI Corporation
[    9.975817] Fusion MPT SPI Host driver 3.04.20
[   10.157030] input: ImExPS/2 Generic Explorer Mouse as /devices/platform/i8042/serio1/input/input4
[   10.331666] e1000 0000:00:03.0 eth0: (PCI:33MHz:32-bit) 02:48:0b:7c:0c:bf
[   10.334110] e1000 0000:00:03.0 eth0: Intel(R) PRO/1000 Network Connection
[   10.341138] mptbase: ioc0: Initiating bringup
[   10.341170] e1000 0000:00:03.0 enp0s3: renamed from eth0
[   10.423576] ioc0: LSI53C1030 A0: Capabilities={Initiator}
[   10.664725] scsi host2: ioc0: LSI53C1030 A0, FwRev=00000000h, Ports=1, MaxQ=256, IRQ=20
[   10.840418] scsi 2:0:0:0: Direct-Access     VBOX     HARDDISK         1.0  PQ: 0 ANSI: 5
[   10.846891] scsi target2:0:0: Beginning Domain Validation
[   10.848453] scsi target2:0:0: Domain Validation skipping write tests
[   10.849221] scsi target2:0:0: Ending Domain Validation
[   10.849916] scsi target2:0:0: asynchronous
[   10.850813] scsi 2:0:1:0: Direct-Access     VBOX     HARDDISK         1.0  PQ: 0 ANSI: 5
[   10.853316] scsi target2:0:1: Beginning Domain Validation
[   10.867879] scsi target2:0:1: Domain Validation skipping write tests
[   10.868716] scsi target2:0:1: Ending Domain Validation
[   10.877833] scsi target2:0:1: asynchronous
[   10.915090] sd 2:0:0:0: [sda] 20971520 512-byte logical blocks: (10.7 GB/10.0 GiB)
[   10.921552] sd 2:0:0:0: Attached scsi generic sg0 type 0
[   10.922657] sd 2:0:1:0: Attached scsi generic sg1 type 0
[   10.923494] sd 2:0:0:0: [sda] Write Protect is off
[   10.924143] sd 2:0:1:0: [sdb] 20480 512-byte logical blocks: (10.5 MB/10.0 MiB)
[   10.924255] sd 2:0:1:0: [sdb] Write Protect is off
[   10.924319] sd 2:0:1:0: [sdb] Incomplete mode parameter data
[   10.924321] sd 2:0:1:0: [sdb] Assuming drive cache: write through
[   10.929600] sd 2:0:0:0: [sda] Incomplete mode parameter data
[   10.930306] sd 2:0:0:0: [sda] Assuming drive cache: write through
[   10.948948]  sda: sda1
[   10.959595] sd 2:0:1:0: [sdb] Attached SCSI disk
[   11.015624] sd 2:0:0:0: [sda] Attached SCSI disk
[   12.948179] floppy0: no floppy controllers found
Begin: Loading e[   14.734574] md: linear personality registered for level -1
ssential drivers ... [   14.753933] md: multipath personality registered for level -4
[   14.762265] md: raid0 personality registered for level 0
[   14.863491] md: raid1 personality registered for level 1
[   14.943804] raid6: sse2x1   gen() 12168 MB/s
[   15.136274] raid6: sse2x1   xor()  8958 MB/s
[   15.336372] raid6: sse2x2   gen() 16554 MB/s
[   15.415564] raid6: sse2x2   xor() 10926 MB/s
[   15.488062] raid6: sse2x4   gen() 16369 MB/s
[   15.560046] raid6: sse2x4   xor() 11731 MB/s
[   15.565943] raid6: using algorithm sse2x2 gen() 16554 MB/s
[   15.567688] raid6: .... xor() 10926 MB/s, rmw enabled
[   15.568368] raid6: using ssse3x2 recovery algorithm
[   15.570644] xor: measuring software checksum speed
[   15.660029]    prefetch64-sse: 63843.000 MB/sec
[   15.736711]    generic_sse: 82515.000 MB/sec
[   15.742590] xor: using function: generic_sse (82515.000 MB/sec)
[   15.744280] async_tx: api initialized (async)
[   15.756067] md: raid6 personality registered for level 6
[   15.762119] md: raid5 personality registered for level 5
[   15.762858] md: raid4 personality registered for level 4
[   15.768347] md: raid10 personality registered for level 10
done.
Begin: Running /scripts/init-premount ... done.
Begin: Mounting root file system ... Begin: Running /scripts/local-top ... done.
Begin: Running /scripts/local-premount ... [   15.801194] Btrfs loaded
Scanning for Btrfs filesystems
done.
Warning: fsck not present, so skipping root file system
[   15.864968] EXT4-fs (sda1): mounted filesystem with ordered data mode. Opts: (null)
done.
Begin: Running /scripts/local-bottom ... done.
Begin: Running /scripts/init-bottom ... Warning: overlayroot: debug is busted
done.
[   17.033551] systemd[1]: systemd 229 running in system mode. (+PAM +AUDIT +SELINUX +IMA +APPARMOR +SMACK +SYSVINIT +UTMP +LIBCRYPTSETUP +GCRYPT +GNUTLS +ACL +XZ -LZ4 +SECCOMP +BLKID +ELFUTILS +KMOD -IDN)
[   17.157655] systemd[1]: Detected virtualization oracle.
[   17.158393] systemd[1]: Detected architecture x86-64.

Welcome to [1mUbuntu 16.04.1 LTS[0m!

[  17.194020] systemd[1]: Set hostname to <ubuntu-xenial>.
[   17.596658] systemd[1]: Listening on Syslog Socket.
[[0;32m  OK  [0m] Listening on Syslog Socket.
[   172890] ysmd]:eaedart er ad Group Name Lookups.
[[0;32m  OK  [0m] Reached target User and Group Name Lookups.
[   18.466721] systemd[1]: Set up automount Arbitrary Executable File Formats File System Automount Point.
[[0;32m  OK  [0m] Set up automount Arbitrary Executab...ats File System Automount Point.
[  18.600267] systemd[1]: Listening on LVM2 metadata daemon socket.
[[0;32m  OK  [0m] Listening on LVM2 metadata daemon socket.
[  18.720333] systemd[1]: Started Forward Password Requests to Wall Directory Watch.
[[0;32m  OK  [0m] Started Forward Password Requests to Wall Directory Watch.
[   18.803427] systemd[1]: Created slice User and Session Slice.
[[0;32m  OK  [0m] Created slice User and Session Slice.
[   18.839648] systemd[1]: Listening on udev Kernel Socket.
[[0;32m  OK  [0m] Listening on udev Kernel Socket.
[   18.890860] systemd[1]: Listening on Journal Socket (/dev/log).
[[0;32m  OK  [0m] Listening on Journal Socket (/dev/log).
[   18.892859] systemd[1]: Created slice System Slice.
[[0;32m  OK  [0m] Created slice System Slice.
[   18.899679] systemd[1]: Listening on /dev/initctl Compatibility Named Pipe.
[[0;32m  OK  [0m] Listening on /dev/initctl Compatibility Named Pipe.
[  1.906] ysmd[1]: Created slice system-serial\x2dgetty.slice.
[[0;32m  OK  [0m] Created slice system-serial\x2dgetty.slice.[   19.253622] random: nonblocking pool is initialized

[   19.254567] systemd[1]: Reached target Encrypted Volumes.
[[0;32m  OK  [0m] Reached target Encrypted Volumes.
[   19.256330] systemd[1]: Listening on udev Control Socket.
[[0;32m  OK  [0m] Listening on udev Control Socket.
[   19.261503] systemd[1]: Listening on Device-mapper event daemon FIFOs.
[[0;32m  OK  [0m] Listening on Device-mapper event daemon FIFOs.
[   19.263225] systemd[1]: Listening on Journal Audit Socket.
[[0;32m  OK  [0m] Listening on Journal Audit Socket.
[   19.268310] systemd[1]: Listening on LVM2 poll daemon socket.
[[0;32m  OK  [0m] Listening on LVM2 poll daemon socket.
[   19.269893] systemd[1]: Reached target Slices.
[[0;32m  OK  [0m] Reached target Slices.
[   19.271261] systemd[1]: Reached target Swap.
[[0;32m  OK  [0m] Reached target Swap.
[   19.272925] systemd[1]: Listening on Journal Socket.
[[0;32m  OK  [0m] Listening on Journal Socket.
[   19.292482] systemd[1]: Starting Load Kernel Modules...
         Starting Load Kernel Modules...
[   19.340193] systemd[1]: Mounting Huge Pages File System...
[   19.427516] Loading iSCSI transport class v2.0-870.
         Mounting Huge Pages File System...
[   19.471889] iscsi: registered transport (tcp)
[   19.548275] systemd[1]: Starting Remount Root and Kernel File Systems...
         Starting Remount Root and Kernel File Systems...
[   19.557319] EXT4-fs (sda1): re-mounted. Opts: (null)
[   19.557457] systemd[1]: Mounting POSIX Message Queue File System...
         Mounting POSIX Message Queue Fil[   19.579304] iscsi: registered transport (iser)
e System...
[   19.668183] systemd[1]: Starting Monitoring of LVM2 mirrors, snapshots etc. using dmeventd or progress polling...
         Starting Monitoring of LVM2 mirrors... dmeventd or progress polling...
[   19.676306] systemd[1]: Starting Nameserver information manager...
         Starting Nameserver information manager...
[   19.691235] systemd[1]: Starting Set console keymap...
         Starting Set console keymap...
[   19.715861] systemd[1]: Starting Uncomplicated firewall...
         Starting Uncomplicated firewall...
[   19.729908] systemd[1]: Starting Journal Service...
         Starting Journal Service...
[   19.733925] systemd[1]: Starting Create list of required static device nodes for the current kernel...
         Starting Create list of required st... nodes for the current kernel...
[   19.776209] systemd[1]: Mounting Debug File System...
         Mounting Debug File System...
[   19.780458] systemd[1]: Mounted Debug File System.
[[0;32m  OK  [0m] Mounted Debug File System.
[   19.803709] systemd[1]: Mounted POSIX Message Queue File System.
[[0;32m  OK  [0m] Mounted POSIX Message Queue File System.
[   19.868183] systemd[1]: Mounted Huge Pages File System.
[[0;32m  OK  [0m] Mounted Huge Pages File System.
[   19.888606] systemd[1]: Started Load Kernel Modules.
[[0;32m  OK  [0m] Started Load Kernel Modules.
[   19.919084] systemd[1]: Started Remount Root and Kernel File Systems.
[[0;32m  OK  [0m] Started Remount Root and Kernel File Systems.
[   20.096656] systemd[1]: Started Set console keymap.
[[0;32m  OK  [0m] Started Set console keymap.
[   20.104252] systemd[1]: Started Uncomplicated firewall.
[[0;32m  OK  [0m] Started Uncomplicated firewall.
[   20.116705] systemd[1]: Started Create list of required static device nodes for the current kernel.
[[0;32m  OK  [0m] Started Create list of required sta...ce nodes for the current kernel.
[   20.120599] systemd[1]: Started Journal Service.
[[0;32m  OK  [0m] Started Journal Service.
[[0;32m  OK  [0m] Started Nameserver information manager.
[[0;32m  OK  [0m] Started LVM2 metadata daemon.
         Starting Create Static Device Nodes in /dev...
         Starting Flush Journal to Persistent Storage...
         Starting Load/Save Random Seed...
         Starting udev Coldplug all Devices...
         Mounting FUSE Control File System...
         Starting Apply Kernel Variables...
[[0;32m  OK  [0m] Mounted FUSE Control File System.
[[0;32m  OK  [0m] Started Create Static Device Nodes in /dev.
[[0;32m  OK  [0m] Started Load/Save Random Seed.
[[0;32m  OK  [0m] Started Apply Kernel Variables.
[[0;32m  OK  [0m] Started udev Coldplug all Devices.
[[0;32m  OK  [0m] Started Flush Journal to Persistent Storage.
         Starting udev Kernel Device Manager...
[[0;32m  OK  [0m] Started udev Kernel Device Manager.
[[0;32m  OK  [0m] Started Dispatch Password Requests to Console Directory Watch.
[[0;32m  OK  [0m] Found device /dev/ttyS0.
[[0;32m  OK  [0m] Listening on Load/Save RF Kill Switch Status /dev/rfkill Watch.
[[0;32m  OK  [0m] Found device 82540EM Gigabit Ethern...r (PRO/1000 MT Desktop Adapter).
[[0m[0;31m*     [0m] A start job is running for Monitori...progress polling (8s / no limit)[K[[0;1;31m*[0m[0;31m*    [0m] A start job is running for Monitori...progress polling (9s / no limit)[K[[0;31m*[0;1;31m*[0m[0;31m*   [0m] A start job is running for Monitori...rogress polling (10s / no limit)[K[ [0;31m*[0;1;31m*[0m[0;31m*  [0m] A start job is running for Monitori...rogress polling (10s / no limit)[K[  [0;31m*[0;1;31m*[0m[0;31m* [0m] A start job is running for Monitori...rogress polling (11s / no limit)[K[   [0;31m*[0;1;31m*[0m[0;31m*[0m] A start job is running for Monitori...rogress polling (12s / no limit)[K[    [0;31m*[0;1;31m*[0m] A start job is running for Monitori...rogress polling (12s / no limit)[K[     [0;31m*[0m] A start job is running for Monitori...rogress polling (13s / no limit)[K[    [0;31m*[0;1;31m*[0m] A start job is running for Monitori...rogress polling (14s / no limit)[K[   [0;31m*[0;1;31m*[0m[0;31m*[0m] A start job is running for Monitori...rogress polling (14s / no limit)[K[  [0;31m*[0;1;31m*[0m[0;31m* [0m] A start job is running for Monitori...rogress polling (15s / no limit)[K[ [0;31m*[0;1;31m*[0m[0;31m*  [0m] A start job is running for Monitori...rogress polling (16s / no limit)[K[[0;31m*[0;1;31m*[0m[0;31m*   [0m] A start job is running for Monitori...rogress polling (17s / no limit)[K[[0;1;31m*[0m[0;31m*    [0m] A start job is running for Monitori...rogress polling (17s / no limit)[K[[0m[0;31m*     [0m] A start job is running for Monitori...rogress polling (18s / no limit)[K[[0;1;31m*[0m[0;31m*    [0m] A start job is running for Monitori...rogress polling (19s / no limit)[K[[0;31m*[0;1;31m*[0m[0;31m*   [0m] A start job is running for Monitori...rogress polling (19s / no limit)[K[ [0;31m*[0;1;31m*[0m[0;31m*  [0m] A start job is running for Monitori...rogress polling (20s / no limit)[K[  [0;31m*[0;1;31m*[0m[0;31m* [0m] A start job is running for Monitori...rogress polling (21s / no limit)[K[   [0;31m*[0;1;31m*[0m[0;31m*[0m] A start job is running for Monitori...rogress polling (21s / no limit)[K[    [0;31m*[0;1;31m*[0m] A start job is running for Monitori...rogress polling (22s / no limit)[K[     [0;31m*[0m] A start job is running for Monitori...rogress polling (23s / no limit)[K[    [0;31m*[0;1;31m*[0m] A start job is running for Monitori...rogress polling (23s / no limit)[K[   [0;31m*[0;1;31m*[0m[0;31m*[0m] A start job is running for Monitori...rogress polling (24s / no limit)[K[  [0;31m*[0;1;31m*[0m[0;31m* [0m] A start job is running for Monitori...rogress polling (25s / no limit)[K[ [0;31m*[0;1;31m*[0m[0;31m*  [0m] A start job is running for Monitori...rogress polling (26s / no limit)[K[[0;31m*[0;1;31m*[0m[0;31m*   [0m] A start job is running for Monitori...rogress polling (26s / no limit)[K[[0;1;31m*[0m[0;31m*    [0m] A start job is running for Monitori...rogress polling (27s / no limit)[K[[0m[0;31m*     [0m] A start job is running for Monitori...rogress polling (27s / no limit)[K[[0;1;31m*[0m[0;31m*    [0m] A start job is running for Monitori...rogress polling (28s / no limit)[K[[0;31m*[0;1;31m*[0m[0;31m*   [0m] A start job is running for Monitori...rogress polling (29s / no limit)[K[ [0;31m*[0;1;31m*[0m[0;31m*  [0m] A start job is running for Monitori...rogress polling (30s / no limit)[K[  [0;31m*[0;1;31m*[0m[0;31m* [0m] A start job is running for Monitori...rogress polling (30s / no limit)[K[   [0;31m*[0;1;31m*[0m[0;31m*[0m] A start job is running for Monitori...rogress polling (31s / no limit)[K[    [0;31m*[0;1;31m*[0m] A start job is running for Monitori...rogress polling (32s / no limit)[K[     [0;31m*[0m] A start job is running for Monitori...rogress polling (32s / no limit)[K[    [0;31m*[0;1;31m*[0m] A start job is running for Monitori...rogress polling (33s / no limit)[K[[0;32m  OK  [0m] Started Monitoring of LVM2 mirrors,...ng dmeventd or progress polling.
[[0;32m  OK  [0m] Reached target Local File Systems (Pre).
[[0;32m  OK  [0m] Reached target Local File Systems.
         Starting Set console font and keymap...
         Starting Tell Plymouth To Write Out Runtime Data...
         Starting Initial cloud-init job (pre-networking)...
         Starting Run snappy firstboot setup...
         Starting LSB: AppArmor initialization...
         Starting Create Volatile Files and Directories...
[[0;32m  OK  [0m] Started Tell Plymouth To Write Out Runtime Data.
[[0;32m  OK  [0m] Started Create Volatile Files and Directories.
         Starting Update UTMP about System Boot/Shutdown...
[[0;32m  OK  [0m] Reached target System Time Synchronized.
[[0;32m  OK  [0m] Started Set console font and keymap.
[[0;32m  OK  [0m] Created slice system-getty.slice.
[[0;32m  OK  [0m] Started Update UTMP about System Boot/Shutdown.
[[0;32m  OK  [0m] Started Run snappy firstboot setup.
[[0;32m  OK  [0m] Started LSB: AppArmor initialization.
[[0;32m  OK  [0m] Reached target System Initialization.
[[0;32m  OK  [0m] Started Daily apt activities.
[[0;32m  OK  [0m] Started Daily Cleanup of Temporary Directories.
[[0;32m  OK  [0m] Started ACPI Events Check.
[[0;32m  OK  [0m] Listening on D-Bus System Message Bus Socket.
         Starting Socket activation for snappy daemon.
         Starting LXD - unix socket.
[[0;32m  OK  [0m] Listening on UUID daemon activation socket.
[[0;32m  OK  [0m] Started Trigger resolvconf update for networkd DNS.
[[0;32m  OK  [0m] Reached target Paths.
[[0;32m  OK  [0m] Started Timer to automatically refresh installed snaps.
[[0;32m  OK  [0m] Reached target Timers.
[[0;32m  OK  [0m] Listening on ACPID Listen Socket.
[[0;32m  OK  [0m] Listening on Socket activation for snappy daemon.
[[0;32m  OK  [0m] Listening on LXD - unix socket.
[[0;32m  OK  [0m] Reached target Sockets.
[[0;32m  OK  [0m] Reached target Basic System.
         Starting LSB: Record successful boot for GRUB...
[[0;32m  OK  [0m] Started Regular background program processing daemon.
         Starting LSB: MD monitoring daemon...
[[0;32m  OK  [0m] Started FUSE filesystem for LXC.
[[0;32m  OK  [0m] Started Deferred execution scheduler.
         Starting Login Service...
[[0;32m  OK  [0m] Started D-Bus System Message Bus.
         Starting System Logging Service...
[[0;32m  OK  [0m] Started ACPI event daemon.
         Starting LXD - container startup/shutdown...
         Starting Accounts Service...
[[0;32m  OK  [0m] Started Snappy daemon.
[[0;32m  OK  [0m] Started Login Service.
[[0;32m  OK  [0m] Started LSB: MD monitoring daemon.
[[0;32m  OK  [0m] Started LSB: Record successful boot for GRUB.
[[0;32m  OK  [0m] Started System Logging Service.
         Starting Authenticate and Authorize Users to Run Privileged Tasks...
[[0;32m  OK  [0m] Started Authenticate and Authorize Users to Run Privileged Tasks.
[[0;32m  OK  [0m] Started Accounts Service.
[[0;32m  OK  [0m] Started LXD - container startup/shutdown.
[   55.939363] cloud-init[646]: Cloud-init v. 0.7.8 running 'init-local' at Fri, 07 Oct 2016 15:16:42 +0000. Up 55.49 seconds.
[[0;32m  OK  [0m] Started Initial cloud-init job (pre-networking).
[[0;32m  OK  [0m] Reached target Network (Pre).
[[0;32m  OK  [0m] Started ifup for enp0s3.
         Starting Raise network interfaces...
[[0;32m  OK  [0m] Started Raise network interfaces.
         Starting Initial cloud-init job (metadata service crawler)...
[[0;32m  OK  [0m] Reached target Network.
[   56.817849] cloud-init[1024]: Cloud-init v. 0.7.8 running 'init' at Fri, 07 Oct 2016 15:16:43 +0000. Up 56.47 seconds.
[[0;32m  OK  [0m] Started Initial cloud-init job (metadata service crawler).
[   56.948695] cloud-init[1024]: ci-info: ++++++++++++++++++++++++++++++++++++Net device info+++++++++++++++++++++++++++++++++++++
[   56.986649] [cloud-init[0;32m  OK  [0m[1024]: ] ci-info: +--------+------+--------------------------+---------------+-------+-------------------+Reached target Cloud-config availability.

[   56.989402] [cloud-init[0;32m  OK  [0m[1024]: ] ci-info: | Device |  Up  |         Address          |      Mask     | Scope |     Hw-Address    |Reached target Network is Online.

[   56.991924] cloud-init[1024]: ci-info: +--------+------+--------------------------+---------------+-------+-------------------+
[   57.025214] cloud-init[1024]: ci-info: | enp0s3 | True |        10.0.2.15         | 255.255.255.0 |   .   | 02:48:0b:7c:0c:bf |
[   57.037219] cloud-init[1024]: ci-info: | enp0s3 | True | fe80::48:bff:fe7c:cbf/64 |       .       |  link | 02:48:0b:7c:0c:bf |
         Starting Apply the settings specified in cloud-config...
[   57.047661] cloud-init[1024]: ci-info: |   lo   | True |        127.0.0.1         |   255.0.0.0   |   .   |         .         |
[   57.089233] cloud-init[1024]: ci-info: |   lo   | True |         ::1/128          |       .       |  host |         .         |
[   57.092077] cloud-init[1024]: ci-info: +--------+------+--------------------------+---------------+-------+-------------------+
[   57.094950] cloud-init[1024]: ci-info: +++++++++++++++++++++++++++Route IPv4 info++++++++++++++++++++++++++++
[   57.097875] cloud-init[1024]: ci-info: +-------+-------------+----------+---------------+-----------+-------+
         Starting iSCSI initiator daemon (iscsid)...
[   57.117282] cloud-init[1024]: ci-info: | Route | Destination | Gateway  |    Genmask    | Interface | Flags |
[   57.138533] cloud-init[1024]: ci-info: +-------+-------------+----------+---------------+-----------+-------+
[   57.151540] cloud-init[1024]: ci-info: |   0   |   0.0.0.0   | 10.0.2.2 |    0.0.0.0    |   enp0s3  |   UG  |
[   57.154206] cloud-init[1024]: ci-info: |   1   |   10.0.2.0  | 0.0.0.0  | 255.255.255.0 |   enp0s3  |   U   |
[   57.157143] cloud-init[1024]: ci-info: +-------+-------------+----------+---------------+-----------+-------+
         Starting OpenBSD Secure Shell server...
         Starting /etc/rc.local Compatibility...
[[0;32m  OK  [0m] Started /etc/rc.local Compatibility.
[[0;32m  OK  [0m] Started iSCSI initiator daemon (iscsid).
         Starting Login to default iSCSI targets...
[[0;32m  OK  [0m] Started Login to default iSCSI targets.
[[0;32m  OK  [0m] Reached target Remote File Systems (Pre).
[[0;32m  OK  [0m] Reached target Remote File Systems.
         Starting LSB: Set the CPU Frequency Scaling governor to "ondemand"...
         Starting LSB: automatic crash report generation...
         Starting LSB: daemon to balance interrupts for SMP systems...
         Starting LSB: VirtualBox Linux Additions...
         Starting Permit User Sessions...
[[0;32m  OK  [0m] Started OpenBSD Secure Shell server.
[   57.424151] cloud-init[1064]: Cloud-init v. 0.7.8 running 'modules:config' at Fri, 07 Oct 2016 15:16:43 +0000. Up 57.28 seconds.
[[0;32m  OK  [0m] Started LSB: Set the CPU Frequency Scaling governor to "ondemand".
[[0;32m  OK  [0m] Started Permit User Sessions.
         Starting Hold until boot process finishes up...
         Starting Terminate Plymouth Boot Screen...
[[0;32m  OK  [0m] Started Apply the settings specified in cloud-config.
[[0;32m  OK  [0m] Started LSB: automatic crash report generation.
[[0;32m  OK  [0m] Started LSB: daemon to balance interrupts for SMP systems.
[[0;32m  OK  [0m] Started Hold until boot process finishes up.
[[0;32m  OK  [0m] Started Terminate Plymouth Boot Screen.
         Starting Set console scheme...
[[0;32m  OK  [0m] Started Serial Getty on ttyS0.
[[0;32m  OK  [0m] Started Getty on tty1.
[[0;32m  OK  [0m] Reached target Login Prompts.
[[0;32m  OK  [0m] Started LSB: VirtualBox Linux Additions.
[[0;32m  OK  [0m] Started Set console scheme.
[[0;32m  OK  [0m] Reached target Multi-User System.
[[0;32m  OK  [0m] Reached target Graphical Interface.
         Starting Execute cloud user/final scripts...
         Starting Update UTMP about System Runlevel Changes...
         Starting Notify bootloader that boot was successful...
[[0;32m  OK  [0m] Started Notify bootloader that boot was successful.
[[0;32m  OK  [0m] Started Update UTMP about System Runlevel Changes.
[   57.987759] cloud-init[1179]: Cloud-init v. 0.7.8 running 'modules:final' at Fri, 07 Oct 2016 15:16:44 +0000. Up 57.87 seconds.
[   58.007121] cloud-init[1179]: Cloud-init v. 0.7.8 finished at Fri, 07 Oct 2016 15:16:44 +0000. Datasource DataSourceNoCloud [seed=/dev/sdb][dsmode=net].  Up 57.98 seconds
[[0;32m  OK  [0m] Started Execute cloud user/final scripts.
[[0;32m  OK  [0m] Reached target Cloud-init target.

Ubuntu 16.04.1 LTS ubuntu-xenial ttyS0

ubuntu-xenial login: 